[xoxoproductions.net/index.html]
[backblue.gif]
[fade.gif]
[index.html]
[xoxoproductions.net/feed/index.html]
[xoxoproductions.net/comments/feed/index.html]
[xoxoproductions.net/wp-json/index.html]
[xoxoproductions.net/wp-json/wp/v2/pages/1161.json]
[xoxoproductions.net/xmlrpc0db0.php]
[xoxoproductions.net/wp-json/oembed/1.0/embed114b.json]
[xoxoproductions.net/wp-json/oembed/1.0/embeddf90]
[i0.wp.com/xoxoproductions.net/wp-content/uploads/2024/10/cropped-imageedit_1_6505476472e43b.png]
[i0.wp.com/xoxoproductions.net/wp-content/uploads/2024/10/cropped-imageedit_1_650547647298d8.png]
[i0.wp.com/xoxoproductions.net/wp-content/uploads/2024/10/cropped-imageedit_1_6505476472f9b5.png]
[xoxoproductions.net/wp-content/uploads/2024/10/imageedit_3_5319948969.png]
[i0.wp.com/xoxoproductions.net/wp-content/uploads/2024/10/218263172_305949261226322_8255852873093043551_nd54e.jpg]
[xoxoproductions.net/products/index.html]
[xoxoproductions.net/about/index.html]
[xoxoproductions.net/blog/index.html]
[i0.wp.com/xoxoproductions.net/wp-content/uploads/2024/10/257558842_387087469779167_5012299681380301924_na2df.jpg]
[i0.wp.com/xoxoproductions.net/wp-content/uploads/2024/10/20230616_115750-scaled2522.jpg]
[xoxoproductions.net/wp-content/uploads/2024/10/VID_162681013_164105_361.mp4]
[xoxoproductions.net/contact/index.html]
[xoxoproductions.net/wp-content/uploads/2024/10/VID_163370602_154423_158.mp4]
[xoxoproductions.net/wp-content/uploads/2024/11/VID_54100116_000528_313.mp4]
[i0.wp.com/xoxoproductions.net/wp-content/uploads/2024/10/275995910_460455395775707_3482574706616296133_n5462.jpg]
[xoxoproductions.net/wp-includes/js/jquery/jquery.minf43b.js]
[xoxoproductions.net/terms-conditions/index.html]
[xoxoproductions.net/wp-includes/js/jquery/jquery-migrate.min5589.js]
[xoxoproductions.net/privacy-policy/index.html]
[xoxoproductions.net/wp-content/plugins/cookie-law-info/lite/frontend/js/script.min46df.js]
[xoxoproductions.net/refund-returns/index.html]
[xoxoproductions.net/wp-content/plugins/creative-mail-by-constant-contact/assets/js/block/submit03c3.js]
[xoxoproductions.net/wp-content/themes/sydney/js/elementor2e1f.js]
[xoxoproductions.net/wp-content/plugins/sydney-toolbox/js/mainc0f2.js]
[xoxoproductions.net/wp-content/themes/sydney/js/functions.min6b20.js]
[xoxoproductions.net/wp-content/themes/sydney/js/scriptsc1a1.js]
[xoxoproductions.net/wp-content/plugins/bluehost-wordpress-plugin/vendor/newfold-labs/wp-module-performance/buil/link-prefetch.min.2889d]
[xoxoproductions.net/wp-content/plugins/mailchimp-top-bar/assets/scriptba3a.js]
[xoxoproductions.net/wp-content/plugins/elementor/assets/js/webpack.runtime.min66bc.js]
[xoxoproductions.net/wp-content/plugins/elementor/assets/js/frontend-modules.min66bc.js]
[xoxoproductions.net/wp-includes/js/jquery/ui/core.minb37e.js]
[xoxoproductions.net/wp-content/plugins/elementor/assets/js/frontend.min66bc.js]
[stats.wp.com/e-202537.js]
[xoxoproductions.net/wp-includes/js/mediaelement/mediaelement-and-player.min1f61.js]
[xoxoproductions.net/wp-includes/js/mediaelement/mediaelement-migrate.min6c2d.js]
[xoxoproductions.net/wp-includes/js/mediaelement/wp-mediaelement.min6c2d.js]
[xoxoproductions.net/wp-includes/js/mediaelement/renderers/vimeo.min1f61.js]
[xoxoproductions.net/index.html]
[xoxoproductions.net/xmlrpc.php]
[xoxoproductions.net/wp-content/plugins/sydney-toolbox/css/styles.min7f75.css]
[xoxoproductions.net/wp-content/themes/sydney/css/bootstrap/bootstrap.min68b3.css]
[xoxoproductions.net/wp-includes/js/mediaelement/mediaelementplayer-legacy.min1f61.css]
[xoxoproductions.net/wp-includes/js/mediaelement/wp-mediaelement.min6c2d.css]
[xoxoproductions.net/wp-content/fonts/alice/OpNCnoEEmtHa6GcDrg7shw.woff2]
[xoxoproductions.net/wp-content/fonts/alice/OpNCnoEEmtHa6GcKrg7shw.woff2]
[xoxoproductions.net/wp-content/fonts/alice/OpNCnoEEmtHa6GcArg7shw.woff2]
[xoxoproductions.net/wp-content/fonts/alice/OpNCnoEEmtHa6GcOrg4.woff2]
[xoxoproductions.net/wp-content/fonts/4f8c640787cf1ede15cb2c2641f8ebb8c1a1.css]
[xoxoproductions.net/wp-content/themes/sydney/style8bc1.css]
[xoxoproductions.net/wp-content/themes/sydney/css/components/elementor.min2443.css]
[xoxoproductions.net/wp-content/themes/sydney/css/styles.minb759.css]
[xoxoproductions.net/wp-content/plugins/elementor/assets/css/frontend.min66bc.css]
[xoxoproductions.net/wp-content/uploads/elementor/css/post-116066be.css]
[xoxoproductions.net/wp-content/plugins/elementor/assets/css/widget-image.min66bc.css]
[xoxoproductions.net/wp-content/plugins/elementor/assets/css/widget-heading.min66bc.css]
[xoxoproductions.net/wp-content/plugins/elementor/assets/css/widget-divider.min66bc.css]
[xoxoproductions.net/wp-content/plugins/elementor/assets/css/widget-video.min66bc.css]
[xoxoproductions.net/wp-content/plugins/elementor/assets/css/widget-accordion.min66bc.css]
[xoxoproductions.net/wp-content/uploads/elementor/css/post-116166be.css]
[xoxoproductions.net/wp-content/uploads/elementor/google-fonts/fonts/roboto-kfo5cnqeu92fr1mu53zec9_vu3r1gihoszmkc3kawzu.woff2]
[xoxoproductions.net/wp-content/uploads/elementor/google-fonts/fonts/roboto-kfo5cnqeu92fr1mu53zec9_vu3r1gihoszmkankawzu.woff2]
[xoxoproductions.net/wp-content/uploads/elementor/google-fonts/fonts/roboto-kfo5cnqeu92fr1mu53zec9_vu3r1gihoszmkcnkawzu.woff2]
[xoxoproductions.net/wp-content/uploads/elementor/google-fonts/fonts/roboto-kfo5cnqeu92fr1mu53zec9_vu3r1gihoszmkbxkawzu.woff2]
[xoxoproductions.net/wp-content/uploads/elementor/google-fonts/fonts/roboto-kfo5cnqeu92fr1mu53zec9_vu3r1gihoszmkenkawzu.woff2]
[xoxoproductions.net/wp-content/uploads/elementor/google-fonts/fonts/roboto-kfo5cnqeu92fr1mu53zec9_vu3r1gihoszmkahkawzu.woff2]
[xoxoproductions.net/wp-content/uploads/elementor/google-fonts/fonts/roboto-kfo5cnqeu92fr1mu53zec9_vu3r1gihoszmkcxkawzu.woff2]
[xoxoproductions.net/wp-content/uploads/elementor/google-fonts/fonts/roboto-kfo5cnqeu92fr1mu53zec9_vu3r1gihoszmkchkawzu.woff2]
[xoxoproductions.net/wp-content/uploads/elementor/google-fonts/fonts/roboto-kfo5cnqeu92fr1mu53zec9_vu3r1gihoszmkbnka.woff2]
[xoxoproductions.net/wp-content/uploads/elementor/google-fonts/fonts/roboto-kfo7cnqeu92fr1me7ksn66agldtyluama3gubgee.woff2]
[xoxoproductions.net/wp-content/uploads/elementor/google-fonts/fonts/roboto-kfo7cnqeu92fr1me7ksn66agldtyluama3iubgee.woff2]
[xoxoproductions.net/wp-content/uploads/elementor/google-fonts/fonts/roboto-kfo7cnqeu92fr1me7ksn66agldtyluama3cubgee.woff2]
[xoxoproductions.net/wp-content/uploads/elementor/google-fonts/fonts/roboto-kfo7cnqeu92fr1me7ksn66agldtyluama3-ubgee.woff2]
[xoxoproductions.net/wp-content/uploads/elementor/google-fonts/fonts/roboto-kfo7cnqeu92fr1me7ksn66agldtyluamawcubgee.woff2]
[xoxoproductions.net/wp-content/uploads/elementor/google-fonts/fonts/roboto-kfo7cnqeu92fr1me7ksn66agldtyluamaxkubgee.woff2]
[xoxoproductions.net/wp-content/uploads/elementor/google-fonts/fonts/roboto-kfo7cnqeu92fr1me7ksn66agldtyluama3oubgee.woff2]
[xoxoproductions.net/wp-content/uploads/elementor/google-fonts/fonts/roboto-kfo7cnqeu92fr1me7ksn66agldtyluama3kubgee.woff2]
[xoxoproductions.net/wp-content/uploads/elementor/google-fonts/fonts/roboto-kfo7cnqeu92fr1me7ksn66agldtyluama3yuba.woff2]
[xoxoproductions.net/wp-content/uploads/elementor/google-fonts/css/roboto454b.css]
[xoxoproductions.net/wp-content/uploads/elementor/google-fonts/fonts/robotoslab-bngmuxzytxpivibgjjsb6ufa5qw54a.woff2]
[xoxoproductions.net/wp-content/uploads/elementor/google-fonts/fonts/robotoslab-bngmuxzytxpivibgjjsb6ufj5qw54a.woff2]
[xoxoproductions.net/wp-content/uploads/elementor/google-fonts/fonts/robotoslab-bngmuxzytxpivibgjjsb6ufb5qw54a.woff2]
[xoxoproductions.net/wp-content/uploads/elementor/google-fonts/fonts/robotoslab-bngmuxzytxpivibgjjsb6ufo5qw54a.woff2]
[xoxoproductions.net/wp-content/uploads/elementor/google-fonts/fonts/robotoslab-bngmuxzytxpivibgjjsb6ufc5qw54a.woff2]
[xoxoproductions.net/wp-content/uploads/elementor/google-fonts/fonts/robotoslab-bngmuxzytxpivibgjjsb6ufd5qw54a.woff2]
[xoxoproductions.net/wp-content/uploads/elementor/google-fonts/fonts/robotoslab-bngmuxzytxpivibgjjsb6ufn5qu.woff2]
[xoxoproductions.net/wp-content/uploads/elementor/google-fonts/css/robotoslab589b.css]
[xoxoproductions.net/wp-json/wp/v2/pages/562.json]
[xoxoproductions.net/wp-json/oembed/1.0/embed0c0e.json]
[xoxoproductions.net/wp-json/oembed/1.0/embed1afd]
[i0.wp.com/xoxoproductions.net/wp-content/uploads/2024/10/211338720_298269158660999_873425592561059501_nd54e.jpg]
[i0.wp.com/xoxoproductions.net/wp-content/uploads/2024/11/279762457_492033375951242_7367479986037780822_n52c5.jpg]
[i0.wp.com/xoxoproductions.net/wp-content/uploads/2024/10/273835028_439249004563013_918753124656347384_n52c5.jpg]
[i0.wp.com/xoxoproductions.net/wp-content/uploads/2024/11/244281562_356506412837273_8699286456104488005_n-scaledd3fc.jpg]
[xoxoproductions.net/about/index.html]
[xoxoproductions.net/wp-json/wp/v2/pages/770.json]
[xoxoproductions.net/wp-json/oembed/1.0/embed0514.json]
[xoxoproductions.net/wp-json/oembed/1.0/embed6e57]
[i0.wp.com/xoxoproductions.net/wp-content/uploads/2024/10/417688089_909094311220883_456269812381648062_ncbd1.jpg]
[i0.wp.com/xoxoproductions.net/wp-content/uploads/2024/10/347388535_724585946338388_6044034622243009929_n-1de19.jpg]
[i0.wp.com/xoxoproductions.net/wp-content/uploads/2024/10/274473897_445606763927237_1536477883319141507_nde19.jpg]
[i0.wp.com/xoxoproductions.net/wp-content/uploads/2024/10/274297828_444121877409059_6139601941092090190_nde19.jpg]
[i0.wp.com/xoxoproductions.net/wp-content/uploads/2024/10/309597329_519561550174163_3006659554272319301_n49ad.jpg]
[i0.wp.com/xoxoproductions.net/wp-content/uploads/2024/10/282193642_506531577834755_6118472985809222526_nde19.jpg]
[i0.wp.com/xoxoproductions.net/wp-content/uploads/2024/10/315952573_560663239397327_367057972183098971_n-1de19.jpg]
[i0.wp.com/xoxoproductions.net/wp-content/uploads/2024/10/271940487_422755576212356_6601876104718060604_nde19.jpg]
[i0.wp.com/xoxoproductions.net/wp-content/uploads/2024/10/272043959_422571116230802_5164938288065189550_nde19.jpg]
[i0.wp.com/xoxoproductions.net/wp-content/uploads/2024/10/20240307_135226-scaledd813.jpg]
[i0.wp.com/xoxoproductions.net/wp-content/uploads/2024/10/20240307_132255-scaled52c5.jpg]
[i0.wp.com/xoxoproductions.net/wp-content/uploads/2024/10/262393307_392582015896379_6564415115913832003_n6bdb.jpg]
[i0.wp.com/xoxoproductions.net/wp-content/uploads/2024/10/20210310181917_IMG_77911-scaleda9a3.jpg]
[i0.wp.com/xoxoproductions.net/wp-content/uploads/2024/10/IMG_20240314_074525_428-scaled7e80.jpg]
[i0.wp.com/xoxoproductions.net/wp-content/uploads/2024/10/144269692_200098978478018_6529589660485584259_n2e39.jpg]
[i0.wp.com/xoxoproductions.net/wp-content/uploads/2024/10/IMG_90071-scaled8ac0.jpg]
[i0.wp.com/xoxoproductions.net/wp-content/uploads/2024/10/20240307_135846-scaledd813.jpg]
[i0.wp.com/xoxoproductions.net/wp-content/uploads/2024/10/IMG_9731-scaled8ac0.jpg]
[i0.wp.com/xoxoproductions.net/wp-content/uploads/2024/10/IMG_9002-scaled8ac0.jpg]
[i0.wp.com/xoxoproductions.net/wp-content/uploads/2024/10/246296269_367248518429729_7230339395543327194_n854e.jpg]
[i0.wp.com/xoxoproductions.net/wp-content/uploads/2024/10/138394518_189391606215422_4851458470456377884_nd54e.jpg]
[i0.wp.com/xoxoproductions.net/wp-content/uploads/2024/10/258849638_388040916350489_484988435375625654_n450c.jpg]
[i0.wp.com/xoxoproductions.net/wp-content/uploads/2024/10/258393621_388042129683701_1697045180160466838_n450c.jpg]
[i0.wp.com/xoxoproductions.net/wp-content/uploads/2024/10/258166538_388040156350565_2415153910596812834_n450c.jpg]
[i0.wp.com/xoxoproductions.net/wp-content/uploads/2024/11/273014264_432169621937618_562581390136641361_n52c5.jpg]
[xoxoproductions.net/products/index.html]
[xoxoproductions.net/wp-content/uploads/2024/10/256775856_384849306669650_242772076080040837_n.jpg]
[xoxoproductions.net/the-guide-to-choosing-the-purest-soap-for-every-skin-type/index.html]
[xoxoproductions.net/category/uncategorized/index.html]
[xoxoproductions.net/wp-content/uploads/2024/10/218263172_305949261226322_8255852873093043551_n.jpg]
[xoxoproductions.net/luxury-self-care-tips-for-a-radiant-lifestyle/index.html]
[xoxoproductions.net/wp-content/uploads/2024/10/380583383_789507643179551_1326237306892620643_n.jpg]
[xoxoproductions.net/blog/index.html]
[xoxoproductions.net/why-handmade-body-products-are-worth-the-splurge/index.html]
[xoxoproductions.net/wp-json/wp/v2/pages/967.json]
[xoxoproductions.net/wp-json/oembed/1.0/embed9ec8.json]
[xoxoproductions.net/wp-json/oembed/1.0/embed3295]
[i0.wp.com/xoxoproductions.net/wp-content/uploads/2024/11/417399176_875678661229115_2029598474122650167_n6bdb.jpg]
[xoxoproductions.net/wp-includes/js/underscore.min3ab8.js]
[xoxoproductions.net/wp-includes/js/wp-util.min6c2d.js]
[xoxoproductions.net/wp-content/plugins/wpforms-lite/assets/js/frontend/wpforms.mine4b2.js]
[xoxoproductions.net/wp-content/plugins/wpforms-lite/assets/js/integrations/elementor/frontend.mine4b2.js]
[xoxoproductions.net/wp-content/plugins/wpforms-lite/assets/lib/jquery.validate.min3c17.js]
[xoxoproductions.net/wp-content/plugins/wpforms-lite/assets/lib/mailcheck.mincfa9.js]
[xoxoproductions.net/wp-content/plugins/wpforms-lite/assets/lib/punycode.min8a54.js]
[xoxoproductions.net/wp-content/plugins/wpforms-lite/assets/js/share/utils.mine4b2.js]
[xoxoproductions.net/wp-content/plugins/wpforms-lite/assets/js/frontend/wpforms-modern.mine4b2.js]
[xoxoproductions.net/wp-content/plugins/wpforms-lite/assets/js/frontend/fields/address.mine4b2.js]
[xoxoproductions.net/contact/index.html]
[xoxoproductions.net/wp-json/wp/v2/pages/1184.json]
[xoxoproductions.net/wp-json/oembed/1.0/embedd96c.json]
[xoxoproductions.net/wp-json/oembed/1.0/embedaf87]
[xoxoproductions.net/wp-login.html]
[xoxoproductions.net/terms-conditions/index.html]
[xoxoproductions.net/2024/10/index.html]
[xoxoproductions.net/2024/11/index.html]
[xoxoproductions.net/wp-json/wp/v2/pages/3.json]
[xoxoproductions.net/privacy-policy/feed/index.html]
[xoxoproductions.net/wp-json/oembed/1.0/embed3774.json]
[xoxoproductions.net/wp-json/oembed/1.0/embed2dfe]
[xoxoproductions.net/privacy-policy/index.html]
[xoxoproductions.net/wp-json/wp/v2/pages/1159.json]
[xoxoproductions.net/wp-json/oembed/1.0/embed92fd.json]
[xoxoproductions.net/wp-json/oembed/1.0/embedcd0f]
[xoxoproductions.net/refund-returns/index.html]
[xoxoproductions.net/wp-includes/js/mediaelement/mejs-controls.svg]
[xoxoproductions.net/wp-content/plugins/elementor/assets/css/widget-icon-box.min66bc.css]
[xoxoproductions.net/wp-content/plugins/elementor/assets/css/widget-icon-list.min66bc.css]
[xoxoproductions.net/wp-content/uploads/elementor/css/post-5620db8.css]
[xoxoproductions.net/indexf652.html]
[xoxoproductions.net/wp-content/uploads/elementor/css/post-7700278.css]
[xoxoproductions.net/index64ca.html]
[xoxoproductions.net/wp-includes/css/dist/block-library/style.min6c2d.css]
[xoxoproductions.net/wp-json/wp/v2/posts/1673.json]
[xoxoproductions.net/wp-json/oembed/1.0/embedbada.json]
[xoxoproductions.net/wp-json/oembed/1.0/embedb8ff]
[i0.wp.com/xoxoproductions.net/wp-content/uploads/2024/10/256642526_384774750010439_842252221024534029_n8c5f.jpg]
[xoxoproductions.net/the-guide-to-choosing-the-purest-soap-for-every-skin-type/index.html]
[xoxoproductions.net/category/uncategorized/feed/index.html]
[xoxoproductions.net/wp-json/wp/v2/categories/1.json]
[xoxoproductions.net/category/uncategorized/index.html]
[xoxoproductions.net/wp-json/wp/v2/posts/1401.json]
[xoxoproductions.net/wp-json/oembed/1.0/embededd1.json]
[xoxoproductions.net/wp-json/oembed/1.0/embed528b]
[i0.wp.com/xoxoproductions.net/wp-content/uploads/2024/10/257558842_387087469779167_5012299681380301924_n-18c5f.jpg]
[xoxoproductions.net/luxury-self-care-tips-for-a-radiant-lifestyle/index.html]
[xoxoproductions.net/wp-json/wp/v2/posts/1391.json]
[xoxoproductions.net/wp-json/oembed/1.0/embedaa2d.json]
[xoxoproductions.net/wp-json/oembed/1.0/embed6821]
[i0.wp.com/xoxoproductions.net/wp-content/uploads/2024/10/309597329_519561550174163_3006659554272319301_n0e2e.jpg]
[i0.wp.com/xoxoproductions.net/wp-content/uploads/2024/10/418805891_875678657895782_3935740050224449339_n-153d3.jpg]
[i0.wp.com/xoxoproductions.net/wp-content/uploads/2024/10/417399176_875678661229115_2029598474122650167_n53d3.jpg]
[xoxoproductions.net/why-handmade-body-products-are-worth-the-splurge/index.html]
[xoxoproductions.net/wp-content/uploads/elementor/css/post-9678afc.css]
[xoxoproductions.net/index2dce.html]
[xoxoproductions.net/wp-content/plugins/wpforms-lite/assets/images/submit-spin.svg]
[xoxoproductions.net/wp-content/plugins/wpforms-lite/assets/css/frontend/modern/wpforms-full.mine4b2.css]
[xoxoproductions.net/index0ae6.html]
[xoxoproductions.net/2024/11/index.html]
[xoxoproductions.net/2024/10/index.html]
[xoxoproductions.net/wp-content/plugins/jetpack/jetpack_vendor/automattic/jetpack-connection/dist/jetpack-sso-login306a.js]
[xoxoproductions.net/wp-loginb006.html]
[xoxoproductions.net/wp-loginf7b9.html]
[xoxoproductions.net/wp-loginc2b6.html]
[xoxoproductions.net/wp-includes/js/clipboard.min3c89.js]
[xoxoproductions.net/wp-content/plugins/bluehost-wordpress-plugin/vendor/newfold-labs/wp-module-secure-passwords/secure-passwords.b44bf4]
[xoxoproductions.net/wp-includes/js/zxcvbn-async.min5152.js]
[xoxoproductions.net/wp-includes/js/dist/hooks.min4fdd.js]
[xoxoproductions.net/wp-includes/js/dist/i18n.minc33c.js]
[xoxoproductions.net/wp-admin/js/password-strength-meter.min6c2d.js]
[xoxoproductions.net/wp-includes/js/dist/dom-ready.min5346.js]
[xoxoproductions.net/wp-includes/js/dist/a11y.min3f73.js]
[xoxoproductions.net/wp-admin/js/user-profile.min6c2d.js]
[xoxoproductions.net/wp-login.html]
[xoxoproductions.net/index2207.html]
[xoxoproductions.net/index7914.html]
[xoxoproductions.net/indexfeb6.html]
[xoxoproductions.net/index8e8b.html]
[xoxoproductions.net/indexa448.html]
[xoxoproductions.net/wp-includes/fonts/dashicons7d4b.eot]
[xoxoproductions.net/wp-includes/fonts/dashicons7d4b.ttf]
[xoxoproductions.net/wp-includes/css/dashicons.min6c2d.css]
[xoxoproductions.net/wp-includes/css/buttons.min6c2d.css]
[xoxoproductions.net/wp-admin/images/loading.gif]
[xoxoproductions.net/wp-admin/css/forms.min6c2d.css]
[xoxoproductions.net/wp-admin/css/l10n.min6c2d.css]
[xoxoproductions.net/wp-admin/images/w-logo-blue7a53.png]
[xoxoproductions.net/wp-admin/css/login.min6c2d.css]
[xoxoproductions.net/wp-content/plugins/bluehost-wordpress-plugin/vendor/newfold-labs/wp-module-secure-passwords/ass/login.ae4bf4.delaye]
[xoxoproductions.net/wp-content/plugins/jetpack/jetpack_vendor/automattic/jetpack-connection/dist/jetpack-sso-login306a.css]
[xoxoproductions.net/wp-loginb006.html]
[xoxoproductions.net/wp-loginf7b9.html]
[xoxoproductions.net/wp-loginc2b6.html]
[xoxoproductions.net/wp-admin/images/wordpress-logo7d6b.svg]
